Analysis & Synthesis report for projetosd
Wed Apr 22 17:23:32 2026
Quartus Prime Version 25.1std.0 Build 1129 10/21/2025 SC Lite Edition


---------------------
; Table of Contents ;
---------------------
  1. Legal Notice
  2. Analysis & Synthesis Summary
  3. Analysis & Synthesis Settings
  4. Parallel Compilation
  5. Analysis & Synthesis Source Files Read
  6. Analysis & Synthesis Resource Usage Summary
  7. Analysis & Synthesis Resource Utilization by Entity
  8. General Register Statistics
  9. Post-Synthesis Netlist Statistics for Top Partition
 10. Elapsed Time Per Partition
 11. Analysis & Synthesis Messages



----------------
; Legal Notice ;
----------------
Copyright (C) 2025  Altera Corporation. All rights reserved.
Your use of Altera Corporation's design tools, logic functions 
and other software and tools, and any partner logic 
functions, and any output files from any of the foregoing 
(including device programming or simulation files), and any 
associated documentation or information are expressly subject 
to the terms and conditions of the Altera Program License 
Subscription Agreement, the Altera Quartus Prime License Agreement,
the Altera IP License Agreement, or other applicable license
agreement, including, without limitation, that your use is for
the sole purpose of programming logic devices manufactured by
Altera and sold by Altera or its authorized distributors.  Please
refer to the Altera Software License Subscription Agreements 
on the Quartus Prime software download page.



+--------------------------------------------------------------------------------------+
; Analysis & Synthesis Summary                                                         ;
+------------------------------------+-------------------------------------------------+
; Analysis & Synthesis Status        ; Successful - Wed Apr 22 17:23:32 2026           ;
; Quartus Prime Version              ; 25.1std.0 Build 1129 10/21/2025 SC Lite Edition ;
; Revision Name                      ; projetosd                                       ;
; Top-level Entity Name              ; projeto                                         ;
; Family                             ; Cyclone IV E                                    ;
; Total logic elements               ; 17                                              ;
;     Total combinational functions  ; 17                                              ;
;     Dedicated logic registers      ; 0                                               ;
; Total registers                    ; 0                                               ;
; Total pins                         ; 65                                              ;
; Total virtual pins                 ; 0                                               ;
; Total memory bits                  ; 0                                               ;
; Embedded Multiplier 9-bit elements ; 0                                               ;
; Total PLLs                         ; 0                                               ;
+------------------------------------+-------------------------------------------------+


+------------------------------------------------------------------------------------------------------------+
; Analysis & Synthesis Settings                                                                              ;
+------------------------------------------------------------------+--------------------+--------------------+
; Option                                                           ; Setting            ; Default Value      ;
+------------------------------------------------------------------+--------------------+--------------------+
; Device                                                           ; EP4CE115F29C7      ;                    ;
; Top-level entity name                                            ; projeto            ; projetosd          ;
; Family name                                                      ; Cyclone IV E       ; Cyclone V          ;
; Use smart compilation                                            ; Off                ; Off                ;
; Enable parallel Assembler and Timing Analyzer during compilation ; On                 ; On                 ;
; Enable compact report table                                      ; Off                ; Off                ;
; Restructure Multiplexers                                         ; Auto               ; Auto               ;
; Create Debugging Nodes for IP Cores                              ; Off                ; Off                ;
; Preserve fewer node names                                        ; On                 ; On                 ;
; Intel FPGA IP Evaluation Mode                                    ; Enable             ; Enable             ;
; Verilog Version                                                  ; Verilog_2001       ; Verilog_2001       ;
; VHDL Version                                                     ; VHDL_1993          ; VHDL_1993          ;
; State Machine Processing                                         ; Auto               ; Auto               ;
; Safe State Machine                                               ; Off                ; Off                ;
; Extract Verilog State Machines                                   ; On                 ; On                 ;
; Extract VHDL State Machines                                      ; On                 ; On                 ;
; Ignore Verilog initial constructs                                ; Off                ; Off                ;
; Iteration limit for constant Verilog loops                       ; 5000               ; 5000               ;
; Iteration limit for non-constant Verilog loops                   ; 250                ; 250                ;
; Add Pass-Through Logic to Inferred RAMs                          ; On                 ; On                 ;
; Infer RAMs from Raw Logic                                        ; On                 ; On                 ;
; Parallel Synthesis                                               ; On                 ; On                 ;
; DSP Block Balancing                                              ; Auto               ; Auto               ;
; NOT Gate Push-Back                                               ; On                 ; On                 ;
; Power-Up Don't Care                                              ; On                 ; On                 ;
; Remove Redundant Logic Cells                                     ; Off                ; Off                ;
; Remove Duplicate Registers                                       ; On                 ; On                 ;
; Ignore CARRY Buffers                                             ; Off                ; Off                ;
; Ignore CASCADE Buffers                                           ; Off                ; Off                ;
; Ignore GLOBAL Buffers                                            ; Off                ; Off                ;
; Ignore ROW GLOBAL Buffers                                        ; Off                ; Off                ;
; Ignore LCELL Buffers                                             ; Off                ; Off                ;
; Ignore SOFT Buffers                                              ; On                 ; On                 ;
; Limit AHDL Integers to 32 Bits                                   ; Off                ; Off                ;
; Optimization Technique                                           ; Balanced           ; Balanced           ;
; Carry Chain Length                                               ; 70                 ; 70                 ;
; Auto Carry Chains                                                ; On                 ; On                 ;
; Auto Open-Drain Pins                                             ; On                 ; On                 ;
; Perform WYSIWYG Primitive Resynthesis                            ; Off                ; Off                ;
; Auto ROM Replacement                                             ; On                 ; On                 ;
; Auto RAM Replacement                                             ; On                 ; On                 ;
; Auto DSP Block Replacement                                       ; On                 ; On                 ;
; Auto Shift Register Replacement                                  ; Auto               ; Auto               ;
; Allow Shift Register Merging across Hierarchies                  ; Auto               ; Auto               ;
; Auto Clock Enable Replacement                                    ; On                 ; On                 ;
; Strict RAM Replacement                                           ; Off                ; Off                ;
; Allow Synchronous Control Signals                                ; On                 ; On                 ;
; Force Use of Synchronous Clear Signals                           ; Off                ; Off                ;
; Auto RAM Block Balancing                                         ; On                 ; On                 ;
; Auto RAM to Logic Cell Conversion                                ; Off                ; Off                ;
; Auto Resource Sharing                                            ; Off                ; Off                ;
; Allow Any RAM Size For Recognition                               ; Off                ; Off                ;
; Allow Any ROM Size For Recognition                               ; Off                ; Off                ;
; Allow Any Shift Register Size For Recognition                    ; Off                ; Off                ;
; Use LogicLock Constraints during Resource Balancing              ; On                 ; On                 ;
; Ignore translate_off and synthesis_off directives                ; Off                ; Off                ;
; Timing-Driven Synthesis                                          ; On                 ; On                 ;
; Report Parameter Settings                                        ; On                 ; On                 ;
; Report Source Assignments                                        ; On                 ; On                 ;
; Report Connectivity Checks                                       ; On                 ; On                 ;
; Ignore Maximum Fan-Out Assignments                               ; Off                ; Off                ;
; Synchronization Register Chain Length                            ; 2                  ; 2                  ;
; Power Optimization During Synthesis                              ; Normal compilation ; Normal compilation ;
; HDL message level                                                ; Level2             ; Level2             ;
; Suppress Register Optimization Related Messages                  ; Off                ; Off                ;
; Number of Removed Registers Reported in Synthesis Report         ; 5000               ; 5000               ;
; Number of Swept Nodes Reported in Synthesis Report               ; 5000               ; 5000               ;
; Number of Inverted Registers Reported in Synthesis Report        ; 100                ; 100                ;
; Clock MUX Protection                                             ; On                 ; On                 ;
; Auto Gated Clock Conversion                                      ; Off                ; Off                ;
; Block Design Naming                                              ; Auto               ; Auto               ;
; SDC constraint protection                                        ; Off                ; Off                ;
; Synthesis Effort                                                 ; Auto               ; Auto               ;
; Shift Register Replacement - Allow Asynchronous Clear Signal     ; On                 ; On                 ;
; Pre-Mapping Resynthesis Optimization                             ; Off                ; Off                ;
; Analysis & Synthesis Message Level                               ; Medium             ; Medium             ;
; Disable Register Merging Across Hierarchies                      ; Auto               ; Auto               ;
; Resource Aware Inference For Block RAM                           ; On                 ; On                 ;
+------------------------------------------------------------------+--------------------+--------------------+


+------------------------------------------+
; Parallel Compilation                     ;
+----------------------------+-------------+
; Processors                 ; Number      ;
+----------------------------+-------------+
; Number detected on machine ; 8           ;
; Maximum allowed            ; 4           ;
;                            ;             ;
; Average used               ; 1.00        ;
; Maximum used               ; 1           ;
;                            ;             ;
; Usage by Processor         ; % Time Used ;
;     Processor 1            ; 100.0%      ;
+----------------------------+-------------+


+------------------------------------------------------------------------------------------------------------------------------------------------------------------------------------------------------+
; Analysis & Synthesis Source Files Read                                                                                                                                                               ;
+--------------------------------------------------------+-----------------+------------------------------------+----------------------------------------------------------------------------+---------+
; File Name with User-Entered Path                       ; Used in Netlist ; File Type                          ; File Name with Absolute Path                                               ; Library ;
+--------------------------------------------------------+-----------------+------------------------------------+----------------------------------------------------------------------------+---------+
; ULA.bdf                                                ; yes             ; User Block Diagram/Schematic File  ; C:/Projetos/projeto/ULA.bdf                                                ;         ;
; Geovana/Mux_principal/MUX_d.bdf                        ; yes             ; User Block Diagram/Schematic File  ; C:/Projetos/projeto/Geovana/Mux_principal/MUX_d.bdf                        ;         ;
; Geovana/double dabble/somas/somar3.bdf                 ; yes             ; User Block Diagram/Schematic File  ; C:/Projetos/projeto/Geovana/double dabble/somas/somar3.bdf                 ;         ;
; Geovana/double dabble/somas/soma_1.bdf                 ; yes             ; User Block Diagram/Schematic File  ; C:/Projetos/projeto/Geovana/double dabble/somas/soma_1.bdf                 ;         ;
; Geovana/double dabble/MUX_5.bdf                        ; yes             ; User Block Diagram/Schematic File  ; C:/Projetos/projeto/Geovana/double dabble/MUX_5.bdf                        ;         ;
; Geovana/double dabble/decodificar_S.bdf                ; yes             ; User Block Diagram/Schematic File  ; C:/Projetos/projeto/Geovana/double dabble/decodificar_S.bdf                ;         ;
; Geovana/double dabble/dd.bdf                           ; yes             ; User Block Diagram/Schematic File  ; C:/Projetos/projeto/Geovana/double dabble/dd.bdf                           ;         ;
; Geovana/double dabble/com_5.bdf                        ; yes             ; User Block Diagram/Schematic File  ; C:/Projetos/projeto/Geovana/double dabble/com_5.bdf                        ;         ;
; Geovana/Mux_principal/mux_1bit.bdf                     ; yes             ; User Block Diagram/Schematic File  ; C:/Projetos/projeto/Geovana/Mux_principal/mux_1bit.bdf                     ;         ;
; Geovana/sinal/sinal.bdf                                ; yes             ; User Block Diagram/Schematic File  ; C:/Projetos/projeto/Geovana/sinal/sinal.bdf                                ;         ;
; Geovana/sinal/decodificador4bits.bdf                   ; yes             ; User Block Diagram/Schematic File  ; C:/Projetos/projeto/Geovana/sinal/decodificador4bits.bdf                   ;         ;
; Geovana/deco5_final.bdf                                ; yes             ; User Block Diagram/Schematic File  ; C:/Projetos/projeto/Geovana/deco5_final.bdf                                ;         ;
; Geovana/deco_entrada_final.bdf                         ; yes             ; User Block Diagram/Schematic File  ; C:/Projetos/projeto/Geovana/deco_entrada_final.bdf                         ;         ;
; Joao/somador1bit.bdf                                   ; yes             ; User Block Diagram/Schematic File  ; C:/Projetos/projeto/Joao/somador1bit.bdf                                   ;         ;
; Joao/nucleoAritimetico.bdf                             ; yes             ; User Block Diagram/Schematic File  ; C:/Projetos/projeto/Joao/nucleoAritimetico.bdf                             ;         ;
; Joao/conversorSaida.bdf                                ; yes             ; User Block Diagram/Schematic File  ; C:/Projetos/projeto/Joao/conversorSaida.bdf                                ;         ;
; Joao/conversorEntrada.bdf                              ; yes             ; User Block Diagram/Schematic File  ; C:/Projetos/projeto/Joao/conversorEntrada.bdf                              ;         ;
; Joao/UnidadeAritimetica.bdf                            ; yes             ; User Block Diagram/Schematic File  ; C:/Projetos/projeto/Joao/UnidadeAritimetica.bdf                            ;         ;
; Kayque/Blocos Logicos/xor5bit.bdf                      ; yes             ; User Block Diagram/Schematic File  ; C:/Projetos/projeto/Kayque/Blocos Logicos/xor5bit.bdf                      ;         ;
; Kayque/Blocos Logicos/and5bit.bdf                      ; yes             ; User Block Diagram/Schematic File  ; C:/Projetos/projeto/Kayque/Blocos Logicos/and5bit.bdf                      ;         ;
; Kayque/Sinal e Resultado/mux4x1.bdf                    ; yes             ; User Block Diagram/Schematic File  ; C:/Projetos/projeto/Kayque/Sinal e Resultado/mux4x1.bdf                    ;         ;
; Kayque/Sinal e Resultado/mux_comparadorfinal_sinal.bdf ; yes             ; User Block Diagram/Schematic File  ; C:/Projetos/projeto/Kayque/Sinal e Resultado/mux_comparadorfinal_sinal.bdf ;         ;
; Kayque/Sinal e Resultado/menor5sign.bdf                ; yes             ; User Block Diagram/Schematic File  ; C:/Projetos/projeto/Kayque/Sinal e Resultado/menor5sign.bdf                ;         ;
; Kayque/Sinal e Resultado/menor4bit.bdf                 ; yes             ; User Block Diagram/Schematic File  ; C:/Projetos/projeto/Kayque/Sinal e Resultado/menor4bit.bdf                 ;         ;
; Kayque/Sinal e Resultado/maior5sign.bdf                ; yes             ; User Block Diagram/Schematic File  ; C:/Projetos/projeto/Kayque/Sinal e Resultado/maior5sign.bdf                ;         ;
; Kayque/Sinal e Resultado/maior4bit.bdf                 ; yes             ; User Block Diagram/Schematic File  ; C:/Projetos/projeto/Kayque/Sinal e Resultado/maior4bit.bdf                 ;         ;
; Kayque/Comparadores/menorrab.bdf                       ; yes             ; User Block Diagram/Schematic File  ; C:/Projetos/projeto/Kayque/Comparadores/menorrab.bdf                       ;         ;
; Kayque/Comparadores/menorque.bdf                       ; yes             ; User Block Diagram/Schematic File  ; C:/Projetos/projeto/Kayque/Comparadores/menorque.bdf                       ;         ;
; Kayque/Comparadores/maiorrab.bdf                       ; yes             ; User Block Diagram/Schematic File  ; C:/Projetos/projeto/Kayque/Comparadores/maiorrab.bdf                       ;         ;
; Kayque/Comparadores/maiorque.bdf                       ; yes             ; User Block Diagram/Schematic File  ; C:/Projetos/projeto/Kayque/Comparadores/maiorque.bdf                       ;         ;
; Kayque/Comparadores/igual5bitss.bdf                    ; yes             ; User Block Diagram/Schematic File  ; C:/Projetos/projeto/Kayque/Comparadores/igual5bitss.bdf                    ;         ;
; projeto.bdf                                            ; yes             ; User Block Diagram/Schematic File  ; C:/Projetos/projeto/projeto.bdf                                            ;         ;
+--------------------------------------------------------+-----------------+------------------------------------+----------------------------------------------------------------------------+---------+


+--------------------------------------------------------+
; Analysis & Synthesis Resource Usage Summary            ;
+---------------------------------------------+----------+
; Resource                                    ; Usage    ;
+---------------------------------------------+----------+
; Estimated Total logic elements              ; 17       ;
;                                             ;          ;
; Total combinational functions               ; 17       ;
; Logic element usage by number of LUT inputs ;          ;
;     -- 4 input functions                    ; 9        ;
;     -- 3 input functions                    ; 7        ;
;     -- <=2 input functions                  ; 1        ;
;                                             ;          ;
; Logic elements by mode                      ;          ;
;     -- normal mode                          ; 17       ;
;     -- arithmetic mode                      ; 0        ;
;                                             ;          ;
; Total registers                             ; 0        ;
;     -- Dedicated logic registers            ; 0        ;
;     -- I/O registers                        ; 0        ;
;                                             ;          ;
; I/O pins                                    ; 65       ;
;                                             ;          ;
; Embedded Multiplier 9-bit elements          ; 0        ;
;                                             ;          ;
; Maximum fan-out node                        ; S1~input ;
; Maximum fan-out                             ; 9        ;
; Total fan-out                               ; 155      ;
; Average fan-out                             ; 1.05     ;
+---------------------------------------------+----------+


+--------------------------------------------------------------------------------------------------------------------------------------------------------------------------------------------------------------------------------------------------------------------------------------+
; Analysis & Synthesis Resource Utilization by Entity                                                                                                                                                                                                                                  ;
+----------------------------------------+---------------------+---------------------------+-------------+--------------+---------+-----------+------+--------------+-----------------------------------------------------------------------+---------------------------+--------------+
; Compilation Hierarchy Node             ; Combinational ALUTs ; Dedicated Logic Registers ; Memory Bits ; DSP Elements ; DSP 9x9 ; DSP 18x18 ; Pins ; Virtual Pins ; Full Hierarchy Name                                                   ; Entity Name               ; Library Name ;
+----------------------------------------+---------------------+---------------------------+-------------+--------------+---------+-----------+------+--------------+-----------------------------------------------------------------------+---------------------------+--------------+
; |projeto                               ; 17 (0)              ; 0 (0)                     ; 0           ; 0            ; 0       ; 0         ; 65   ; 0            ; |projeto                                                              ; projeto                   ; work         ;
;    |ULA:inst|                          ; 7 (0)               ; 0 (0)                     ; 0           ; 0            ; 0       ; 0         ; 0    ; 0            ; |projeto|ULA:inst                                                     ; ULA                       ; work         ;
;       |mux_comparadorfinal_sinal:inst| ; 7 (7)               ; 0 (0)                     ; 0           ; 0            ; 0       ; 0         ; 0    ; 0            ; |projeto|ULA:inst|mux_comparadorfinal_sinal:inst                      ; mux_comparadorfinal_sinal ; work         ;
;    |deco5_final:inst2|                 ; 2 (0)               ; 0 (0)                     ; 0           ; 0            ; 0       ; 0         ; 0    ; 0            ; |projeto|deco5_final:inst2                                            ; deco5_final               ; work         ;
;       |MUX_d:inst1|                    ; 2 (1)               ; 0 (0)                     ; 0           ; 0            ; 0       ; 0         ; 0    ; 0            ; |projeto|deco5_final:inst2|MUX_d:inst1                                ; MUX_d                     ; work         ;
;          |mux_1bit:inst7|              ; 1 (1)               ; 0 (0)                     ; 0           ; 0            ; 0       ; 0         ; 0    ; 0            ; |projeto|deco5_final:inst2|MUX_d:inst1|mux_1bit:inst7                 ; mux_1bit                  ; work         ;
;    |deco_entrada_final:inst1|          ; 4 (0)               ; 0 (0)                     ; 0           ; 0            ; 0       ; 0         ; 0    ; 0            ; |projeto|deco_entrada_final:inst1                                     ; deco_entrada_final        ; work         ;
;       |dd:inst2|                       ; 2 (0)               ; 0 (0)                     ; 0           ; 0            ; 0       ; 0         ; 0    ; 0            ; |projeto|deco_entrada_final:inst1|dd:inst2                            ; dd                        ; work         ;
;          |MUX_5:inst3|                 ; 2 (0)               ; 0 (0)                     ; 0           ; 0            ; 0       ; 0         ; 0    ; 0            ; |projeto|deco_entrada_final:inst1|dd:inst2|MUX_5:inst3                ; MUX_5                     ; work         ;
;             |mux_1bit:inst2|           ; 1 (1)               ; 0 (0)                     ; 0           ; 0            ; 0       ; 0         ; 0    ; 0            ; |projeto|deco_entrada_final:inst1|dd:inst2|MUX_5:inst3|mux_1bit:inst2 ; mux_1bit                  ; work         ;
;             |mux_1bit:inst3|           ; 1 (1)               ; 0 (0)                     ; 0           ; 0            ; 0       ; 0         ; 0    ; 0            ; |projeto|deco_entrada_final:inst1|dd:inst2|MUX_5:inst3|mux_1bit:inst3 ; mux_1bit                  ; work         ;
;       |decodificador4bits:inst|        ; 2 (2)               ; 0 (0)                     ; 0           ; 0            ; 0       ; 0         ; 0    ; 0            ; |projeto|deco_entrada_final:inst1|decodificador4bits:inst             ; decodificador4bits        ; work         ;
;    |deco_entrada_final:inst3|          ; 4 (0)               ; 0 (0)                     ; 0           ; 0            ; 0       ; 0         ; 0    ; 0            ; |projeto|deco_entrada_final:inst3                                     ; deco_entrada_final        ; work         ;
;       |dd:inst2|                       ; 2 (0)               ; 0 (0)                     ; 0           ; 0            ; 0       ; 0         ; 0    ; 0            ; |projeto|deco_entrada_final:inst3|dd:inst2                            ; dd                        ; work         ;
;          |MUX_5:inst3|                 ; 2 (0)               ; 0 (0)                     ; 0           ; 0            ; 0       ; 0         ; 0    ; 0            ; |projeto|deco_entrada_final:inst3|dd:inst2|MUX_5:inst3                ; MUX_5                     ; work         ;
;             |mux_1bit:inst2|           ; 1 (1)               ; 0 (0)                     ; 0           ; 0            ; 0       ; 0         ; 0    ; 0            ; |projeto|deco_entrada_final:inst3|dd:inst2|MUX_5:inst3|mux_1bit:inst2 ; mux_1bit                  ; work         ;
;             |mux_1bit:inst3|           ; 1 (1)               ; 0 (0)                     ; 0           ; 0            ; 0       ; 0         ; 0    ; 0            ; |projeto|deco_entrada_final:inst3|dd:inst2|MUX_5:inst3|mux_1bit:inst3 ; mux_1bit                  ; work         ;
;       |decodificador4bits:inst|        ; 2 (2)               ; 0 (0)                     ; 0           ; 0            ; 0       ; 0         ; 0    ; 0            ; |projeto|deco_entrada_final:inst3|decodificador4bits:inst             ; decodificador4bits        ; work         ;
+----------------------------------------+---------------------+---------------------------+-------------+--------------+---------+-----------+------+--------------+-----------------------------------------------------------------------+---------------------------+--------------+
Note: For table entries with two numbers listed, the numbers in parentheses indicate the number of resources of the given type used by the specific entity alone. The numbers listed outside of parentheses indicate the total resources of the given type used by the specific entity and all of its sub-entities in the hierarchy.


+------------------------------------------------------+
; General Register Statistics                          ;
+----------------------------------------------+-------+
; Statistic                                    ; Value ;
+----------------------------------------------+-------+
; Total registers                              ; 0     ;
; Number of registers using Synchronous Clear  ; 0     ;
; Number of registers using Synchronous Load   ; 0     ;
; Number of registers using Asynchronous Clear ; 0     ;
; Number of registers using Asynchronous Load  ; 0     ;
; Number of registers using Clock Enable       ; 0     ;
; Number of registers using Preset             ; 0     ;
+----------------------------------------------+-------+


+-----------------------------------------------------+
; Post-Synthesis Netlist Statistics for Top Partition ;
+-----------------------+-----------------------------+
; Type                  ; Count                       ;
+-----------------------+-----------------------------+
; boundary_port         ; 65                          ;
; cycloneiii_lcell_comb ; 24                          ;
;     normal            ; 24                          ;
;         0 data inputs ; 2                           ;
;         1 data inputs ; 5                           ;
;         2 data inputs ; 1                           ;
;         3 data inputs ; 7                           ;
;         4 data inputs ; 9                           ;
;                       ;                             ;
; Max LUT depth         ; 2.00                        ;
; Average LUT depth     ; 1.43                        ;
+-----------------------+-----------------------------+


+-------------------------------+
; Elapsed Time Per Partition    ;
+----------------+--------------+
; Partition Name ; Elapsed Time ;
+----------------+--------------+
; Top            ; 00:00:00     ;
+----------------+--------------+


+-------------------------------+
; Analysis & Synthesis Messages ;
+-------------------------------+
Info: *******************************************************************
Info: Running Quartus Prime Analysis & Synthesis
    Info: Version 25.1std.0 Build 1129 10/21/2025 SC Lite Edition
    Info: Processing started: Wed Apr 22 17:23:22 2026
Info: Command: quartus_map --read_settings_files=on --write_settings_files=off projetosd -c projetosd
Warning (18236): Number of processors has not been specified which may cause overloading on shared machines.  Set the global assignment NUM_PARALLEL_PROCESSORS in your QSF to an appropriate value for best performance.
Info (20030): Parallel compilation is enabled and will use 4 of the 4 processors detected
Info (12021): Found 1 design units, including 1 entities, in source file ula.bdf
    Info (12023): Found entity 1: ULA
Info (12021): Found 1 design units, including 1 entities, in source file geovana/mux_principal/mux_d.bdf
    Info (12023): Found entity 1: MUX_d
Info (12021): Found 1 design units, including 1 entities, in source file geovana/double dabble/somas/somar3.bdf
    Info (12023): Found entity 1: somar3
Info (12021): Found 1 design units, including 1 entities, in source file geovana/double dabble/somas/soma_1.bdf
    Info (12023): Found entity 1: soma_1
Info (12021): Found 1 design units, including 1 entities, in source file geovana/double dabble/mux_5.bdf
    Info (12023): Found entity 1: MUX_5
Info (12021): Found 1 design units, including 1 entities, in source file geovana/double dabble/decodificar_s.bdf
    Info (12023): Found entity 1: decodificar_S
Info (12021): Found 1 design units, including 1 entities, in source file geovana/double dabble/dd.bdf
    Info (12023): Found entity 1: dd
Info (12021): Found 1 design units, including 1 entities, in source file geovana/double dabble/com_5.bdf
    Info (12023): Found entity 1: com_5
Info (12021): Found 1 design units, including 1 entities, in source file geovana/mux_principal/mux_1bit.bdf
    Info (12023): Found entity 1: mux_1bit
Info (12021): Found 1 design units, including 1 entities, in source file geovana/sinal/sinal.bdf
    Info (12023): Found entity 1: sinal
Info (12021): Found 1 design units, including 1 entities, in source file geovana/sinal/decodificador4bits.bdf
    Info (12023): Found entity 1: decodificador4bits
Info (12021): Found 1 design units, including 1 entities, in source file geovana/deco5_final.bdf
    Info (12023): Found entity 1: deco5_final
Info (12021): Found 1 design units, including 1 entities, in source file geovana/deco_entrada_final.bdf
    Info (12023): Found entity 1: deco_entrada_final
Info (12021): Found 1 design units, including 1 entities, in source file joao/somador1bit.bdf
    Info (12023): Found entity 1: somador1bit
Info (12021): Found 1 design units, including 1 entities, in source file joao/nucleoaritimetico.bdf
    Info (12023): Found entity 1: nucleoAritimetico
Info (12021): Found 1 design units, including 1 entities, in source file joao/conversorsaida.bdf
    Info (12023): Found entity 1: conversorSaida
Info (12021): Found 1 design units, including 1 entities, in source file joao/conversorentrada.bdf
    Info (12023): Found entity 1: conversorEntrada
Info (12021): Found 1 design units, including 1 entities, in source file joao/unidadearitimetica.bdf
    Info (12023): Found entity 1: UnidadeAritimetica
Info (12021): Found 1 design units, including 1 entities, in source file kayque/blocos logicos/xor5bit.bdf
    Info (12023): Found entity 1: xor5bit
Info (12021): Found 1 design units, including 1 entities, in source file kayque/blocos logicos/and5bit.bdf
    Info (12023): Found entity 1: and5bit
Info (12021): Found 1 design units, including 1 entities, in source file kayque/sinal e resultado/mux4x1.bdf
    Info (12023): Found entity 1: mux4x1
Info (12021): Found 1 design units, including 1 entities, in source file kayque/sinal e resultado/mux_comparadorfinal_sinal.bdf
    Info (12023): Found entity 1: mux_comparadorfinal_sinal
Info (12021): Found 1 design units, including 1 entities, in source file kayque/sinal e resultado/menor5sign.bdf
    Info (12023): Found entity 1: menor5sign
Info (12021): Found 1 design units, including 1 entities, in source file kayque/sinal e resultado/menor4bit.bdf
    Info (12023): Found entity 1: menor4bit
Info (12021): Found 1 design units, including 1 entities, in source file kayque/sinal e resultado/maior5sign.bdf
    Info (12023): Found entity 1: maior5sign
Info (12021): Found 1 design units, including 1 entities, in source file kayque/sinal e resultado/maior4bit.bdf
    Info (12023): Found entity 1: maior4bit
Info (12021): Found 1 design units, including 1 entities, in source file kayque/comparadores/menorrab.bdf
    Info (12023): Found entity 1: menorrab
Info (12021): Found 1 design units, including 1 entities, in source file kayque/comparadores/menorque.bdf
    Info (12023): Found entity 1: menorque
Info (12021): Found 1 design units, including 1 entities, in source file kayque/comparadores/maiorrab.bdf
    Info (12023): Found entity 1: maiorrab
Info (12021): Found 1 design units, including 1 entities, in source file kayque/comparadores/maiorque.bdf
    Info (12023): Found entity 1: maiorque
Info (12021): Found 1 design units, including 1 entities, in source file kayque/comparadores/igual5bitss.bdf
    Info (12023): Found entity 1: igual5bitss
Info (12021): Found 1 design units, including 1 entities, in source file projeto.bdf
    Info (12023): Found entity 1: projeto
Info (12127): Elaborating entity "projeto" for the top level hierarchy
Warning (275080): Converted elements in bus name "A" using legacy naming rules. Make any assignments on the new names, not on the original names.
    Warning (275081): Converted element name(s) from "A[4]" to "A4"
    Warning (275081): Converted element name(s) from "A[3]" to "A3"
    Warning (275081): Converted element name(s) from "A[2]" to "A2"
    Warning (275081): Converted element name(s) from "A[1]" to "A1"
    Warning (275081): Converted element name(s) from "A[0]" to "A0"
    Warning (275081): Converted element name(s) from "A[4..0]" to "A4..0"
Warning (275080): Converted elements in bus name "B" using legacy naming rules. Make any assignments on the new names, not on the original names.
    Warning (275081): Converted element name(s) from "B[4..0]" to "B4..0"
    Warning (275081): Converted element name(s) from "B[4]" to "B4"
    Warning (275081): Converted element name(s) from "B[3]" to "B3"
    Warning (275081): Converted element name(s) from "B[2]" to "B2"
    Warning (275081): Converted element name(s) from "B[1]" to "B1"
    Warning (275081): Converted element name(s) from "B[0]" to "B0"
Warning (275080): Converted elements in bus name "S" using legacy naming rules. Make any assignments on the new names, not on the original names.
    Warning (275081): Converted element name(s) from "S[2..0]" to "S2..0"
    Warning (275081): Converted element name(s) from "S[2]" to "S2"
    Warning (275081): Converted element name(s) from "S[1]" to "S1"
    Warning (275081): Converted element name(s) from "S[0]" to "S0"
Warning (275043): Pin "B_D4" is missing source
Info (12128): Elaborating entity "deco5_final" for hierarchy "deco5_final:inst2"
Info (12128): Elaborating entity "MUX_d" for hierarchy "deco5_final:inst2|MUX_d:inst1"
Warning (275011): Block or symbol "VCC" of instance "inst18" overlaps another block or symbol
Warning (275011): Block or symbol "VCC" of instance "inst19" overlaps another block or symbol
Warning (275011): Block or symbol "VCC" of instance "inst20" overlaps another block or symbol
Warning (275011): Block or symbol "VCC" of instance "inst21" overlaps another block or symbol
Warning (275011): Block or symbol "VCC" of instance "inst22" overlaps another block or symbol
Warning (275011): Block or symbol "VCC" of instance "inst23" overlaps another block or symbol
Warning (275011): Block or symbol "VCC" of instance "inst24" overlaps another block or symbol
Warning (275011): Block or symbol "VCC" of instance "inst25" overlaps another block or symbol
Warning (275011): Block or symbol "VCC" of instance "inst26" overlaps another block or symbol
Warning (275011): Block or symbol "VCC" of instance "inst27" overlaps another block or symbol
Warning (275011): Block or symbol "VCC" of instance "inst28" overlaps another block or symbol
Warning (275011): Block or symbol "VCC" of instance "inst29" overlaps another block or symbol
Warning (275011): Block or symbol "VCC" of instance "inst30" overlaps another block or symbol
Warning (275043): Pin "F6" is missing source
Warning (275043): Pin "F8" is missing source
Warning (275043): Pin "F12" is missing source
Warning (275043): Pin "F13" is missing source
Warning (275008): Primitive "VCC" of instance "inst18" not used
Warning (275008): Primitive "VCC" of instance "inst21" not used
Info (12128): Elaborating entity "mux_1bit" for hierarchy "deco5_final:inst2|MUX_d:inst1|mux_1bit:inst31"
Info (12128): Elaborating entity "decodificar_S" for hierarchy "deco5_final:inst2|decodificar_S:inst"
Info (12128): Elaborating entity "decodificador4bits" for hierarchy "deco5_final:inst2|decodificar_S:inst|decodificador4bits:inst6"
Warning (275011): Block or symbol "OR3" of instance "inst31" overlaps another block or symbol
Warning (275011): Block or symbol "OR2" of instance "inst35" overlaps another block or symbol
Warning (275043): Pin "S5" is missing source
Warning (275043): Pin "S6" is missing source
Warning (275008): Primitive "AND3" of instance "inst22" not used
Warning (275008): Primitive "AND3" of instance "inst23" not used
Warning (275008): Primitive "AND3" of instance "inst24" not used
Warning (275008): Primitive "AND3" of instance "inst25" not used
Warning (275008): Primitive "AND3" of instance "inst26" not used
Warning (275008): Primitive "AND3" of instance "inst27" not used
Warning (275008): Primitive "AND3" of instance "inst28" not used
Warning (275008): Primitive "AND4" of instance "inst29" not used
Warning (275008): Primitive "OR3" of instance "inst31" not used
Warning (275008): Primitive "OR4" of instance "inst33" not used
Warning (275008): Primitive "OR2" of instance "inst35" not used
Info (12128): Elaborating entity "dd" for hierarchy "deco5_final:inst2|decodificar_S:inst|dd:inst1"
Info (12128): Elaborating entity "MUX_5" for hierarchy "deco5_final:inst2|decodificar_S:inst|dd:inst1|MUX_5:inst3"
Warning (275011): Block or symbol "mux_1bit" of instance "inst1" overlaps another block or symbol
Warning (275043): Pin "F2" is missing source
Info (12128): Elaborating entity "com_5" for hierarchy "deco5_final:inst2|decodificar_S:inst|dd:inst1|com_5:inst"
Warning (275080): Converted elements in bus name "A" using legacy naming rules. Make any assignments on the new names, not on the original names.
    Warning (275081): Converted element name(s) from "A[3]" to "A3"
    Warning (275081): Converted element name(s) from "A[2]" to "A2"
    Warning (275081): Converted element name(s) from "A[1]" to "A1"
    Warning (275081): Converted element name(s) from "A[0]" to "A0"
Info (12128): Elaborating entity "somar3" for hierarchy "deco5_final:inst2|decodificar_S:inst|dd:inst1|somar3:inst2"
Warning (275080): Converted elements in bus name "A" using legacy naming rules. Make any assignments on the new names, not on the original names.
    Warning (275081): Converted element name(s) from "A[0]" to "A0"
    Warning (275081): Converted element name(s) from "A[1]" to "A1"
    Warning (275081): Converted element name(s) from "A[2]" to "A2"
    Warning (275081): Converted element name(s) from "A[3]" to "A3"
Info (12128): Elaborating entity "soma_1" for hierarchy "deco5_final:inst2|decodificar_S:inst|dd:inst1|somar3:inst2|soma_1:inst1"
Info (12128): Elaborating entity "sinal" for hierarchy "deco5_final:inst2|sinal:inst2"
Info (12128): Elaborating entity "ULA" for hierarchy "ULA:inst"
Info (12128): Elaborating entity "mux_comparadorfinal_sinal" for hierarchy "ULA:inst|mux_comparadorfinal_sinal:inst"
Warning (275008): Primitive "AND4" of instance "inst19" not used
Info (12128): Elaborating entity "UnidadeAritimetica" for hierarchy "ULA:inst|UnidadeAritimetica:inst3"
Info (12128): Elaborating entity "conversorSaida" for hierarchy "ULA:inst|UnidadeAritimetica:inst3|conversorSaida:inst3"
Info (12128): Elaborating entity "somador1bit" for hierarchy "ULA:inst|UnidadeAritimetica:inst3|conversorSaida:inst3|somador1bit:inst4"
Info (12128): Elaborating entity "nucleoAritimetico" for hierarchy "ULA:inst|UnidadeAritimetica:inst3|nucleoAritimetico:inst"
Info (12128): Elaborating entity "conversorEntrada" for hierarchy "ULA:inst|UnidadeAritimetica:inst3|conversorEntrada:inst5"
Info (12128): Elaborating entity "igual5bitss" for hierarchy "ULA:inst|igual5bitss:inst7"
Info (12128): Elaborating entity "maior5sign" for hierarchy "ULA:inst|maior5sign:inst1"
Info (12128): Elaborating entity "mux4x1" for hierarchy "ULA:inst|maior5sign:inst1|mux4x1:inst1"
Info (12128): Elaborating entity "maior4bit" for hierarchy "ULA:inst|maior5sign:inst1|maior4bit:inst2"
Info (12128): Elaborating entity "maiorrab" for hierarchy "ULA:inst|maior5sign:inst1|maior4bit:inst2|maiorrab:inst3"
Info (12128): Elaborating entity "maiorque" for hierarchy "ULA:inst|maior5sign:inst1|maior4bit:inst2|maiorrab:inst3|maiorque:inst"
Info (12128): Elaborating entity "menorque" for hierarchy "ULA:inst|maior5sign:inst1|maior4bit:inst2|maiorrab:inst3|menorque:inst1"
Info (12128): Elaborating entity "menor4bit" for hierarchy "ULA:inst|maior5sign:inst1|menor4bit:inst5"
Info (12128): Elaborating entity "menorrab" for hierarchy "ULA:inst|maior5sign:inst1|menor4bit:inst5|menorrab:inst3"
Info (12128): Elaborating entity "menor5sign" for hierarchy "ULA:inst|menor5sign:inst5"
Info (12128): Elaborating entity "and5bit" for hierarchy "ULA:inst|and5bit:inst8"
Warning (275008): Primitive "GND" of instance "inst5" not used
Info (12128): Elaborating entity "xor5bit" for hierarchy "ULA:inst|xor5bit:inst10"
Warning (275008): Primitive "GND" of instance "inst5" not used
Info (12128): Elaborating entity "deco_entrada_final" for hierarchy "deco_entrada_final:inst3"
Warning (13024): Output pins are stuck at VCC or GND
    Warning (13410): Pin "D6" is stuck at GND
    Warning (13410): Pin "D5" is stuck at GND
    Warning (13410): Pin "D1" is stuck at GND
    Warning (13410): Pin "U6" is stuck at GND
    Warning (13410): Pin "U4" is stuck at VCC
    Warning (13410): Pin "B_U1" is stuck at GND
    Warning (13410): Pin "B_D6" is stuck at GND
    Warning (13410): Pin "B_D5" is stuck at GND
    Warning (13410): Pin "B_D2" is stuck at GND
    Warning (13410): Pin "B_D1" is stuck at GND
    Warning (13410): Pin "B_U5" is stuck at GND
    Warning (13410): Pin "A_D6" is stuck at GND
    Warning (13410): Pin "A_D5" is stuck at GND
    Warning (13410): Pin "A_D2" is stuck at GND
    Warning (13410): Pin "A_D1" is stuck at GND
    Warning (13410): Pin "A_U6" is stuck at GND
    Warning (13410): Pin "A_U5" is stuck at GND
    Warning (13410): Pin "A_U1" is stuck at GND
    Warning (13410): Pin "B_U6" is stuck at GND
    Warning (13410): Pin "B_D4" is stuck at GND
    Warning (13410): Pin "logico5" is stuck at GND
Info (286030): Timing-Driven Synthesis is running
Info (16010): Generating hard_block partition "hard_block:auto_generated_inst"
    Info (16011): Adding 0 node(s), including 0 DDIO, 0 PLL, 0 transceiver and 0 LCELL
Info (21057): Implemented 82 device resources after synthesis - the final resource count might be different
    Info (21058): Implemented 13 input pins
    Info (21059): Implemented 52 output pins
    Info (21061): Implemented 17 logic cells
Info: Quartus Prime Analysis & Synthesis was successful. 0 errors, 92 warnings
    Info: Peak virtual memory: 4785 megabytes
    Info: Processing ended: Wed Apr 22 17:23:32 2026
    Info: Elapsed time: 00:00:10
    Info: Total CPU time (on all processors): 00:00:24


